-- The C compiler identification is GNU 9.4.0
-- The CXX compiler identification is GNU 11.4.0
-- Detecting C compiler ABI info
-- Detecting C compiler ABI info - done
-- Check for working C compiler: /usr/bin/cc - skipped
-- Detecting C compile features
-- Detecting C compile features - done
-- Detecting CXX compiler ABI info
-- Detecting CXX compiler ABI info - done
-- Check for working CXX compiler: /usr/bin/c++ - skipped
-- Detecting CXX compile features
-- Detecting CXX compile features - done
ERRORUnknown sanitizer type: Thread
-- Performing Test Terminfo_LINKABLE
-- Performing Test Terminfo_LINKABLE - Success
-- Found Terminfo: /usr/lib/x86_64-linux-gnu/libtinfo.so  
-- 找到了 LLVM 16.0.0
-- 使用的 LLVMConfig.cmake 位于: /home/clang+llvm-16.0.0-x86_64-linux-gnu-ubuntu-18.04/lib/cmake/llvm
-- Z3 STATUS:
  Z3 library file:        /usr/lib/x86_64-linux-gnu/libz3.so
  Z3 include directory:   /usr/include
-- LLVM STATUS:
  Version       16.0.0
  Definitions   -D_GNU_SOURCE -D__STDC_CONSTANT_MACROS -D__STDC_FORMAT_MACROS -D__STDC_LIMIT_MACROS
  Includes      /home/clang+llvm-16.0.0-x86_64-linux-gnu-ubuntu-18.04/include
  Libraries     /home/clang+llvm-16.0.0-x86_64-linux-gnu-ubuntu-18.04/lib
  Targets       AArch64;AMDGPU;ARM;AVR;BPF;Hexagon;Lanai;LoongArch;Mips;MSP430;NVPTX;PowerPC;RISCV;Sparc;SystemZ;VE;WebAssembly;X86;XCore
  Build type    Release
  Exceptions    OFF
  RTTI          OFF
  Dynamic lib   
Building SVF in debug-mode but LLVM was not built in debug-mode; debug information could be incomplete when using SVF from LLVM
-- Linking to separate LLVM static libraries
-- Linker detection: GNU ld
-- Looking for pthread.h
-- Looking for pthread.h - found
-- Performing Test CMAKE_HAVE_LIBC_PTHREAD
-- Performing Test CMAKE_HAVE_LIBC_PTHREAD - Failed
-- Check if compiler accepts -pthread
-- Check if compiler accepts -pthread - yes
-- Found Threads: TRUE  
-- Configuring done
-- Generating done
-- Build files have been written to: /home/ConCodeQL/Debug-build
